---
http_interactions:
- request:
    method: post
    uri: https://check-financial-eligibility-partner-staging.cloud-platform.service.justice.gov.uk/assessments
    body:
      encoding: UTF-8
      string: '{"submission_date":"2022-09-05"}'
    headers:
      Accept:
      - application/json;version=5
      User-Agent:
      - Faraday v2.7.4
      Content-Type:
      - application/json
  response:
    status:
      code: 200
      message: OK
    headers:
      date:
      - Fri, 03 Mar 2023 20:43:34 GMT
      content-type:
      - application/json; charset=utf-8
      content-length:
      - '83'
      connection:
      - keep-alive
      x-frame-options:
      - SAMEORIGIN
      x-xss-protection:
      - '0'
      x-content-type-options:
      - nosniff
      x-download-options:
      - noopen
      x-permitted-cross-domain-policies:
      - none
      referrer-policy:
      - strict-origin-when-cross-origin
      vary:
      - Accept
      etag:
      - W/"7e979dc62fedbedf2651428fb931a3d4"
      cache-control:
      - max-age=0, private, must-revalidate
      x-request-id:
      - 0424dbbbb2b1089f8ac1855da6a4c187
      x-runtime:
      - '0.027040'
      strict-transport-security:
      - max-age=15724800; includeSubDomains
    body:
      encoding: UTF-8
      string: '{"success":true,"assessment_id":"ef654ab4-4780-4787-942b-d8aade5c5574","errors":[]}'
  recorded_at: Mon, 05 Sep 2022 09:00:00 GMT
- request:
    method: post
    uri: https://check-financial-eligibility-partner-staging.cloud-platform.service.justice.gov.uk/assessments/ef654ab4-4780-4787-942b-d8aade5c5574/proceeding_types
    body:
      encoding: UTF-8
      string: '{"proceeding_types":[{"ccms_code":"SE003","client_involvement_type":"A"}]}'
    headers:
      Accept:
      - application/json;version=5
      User-Agent:
      - Faraday v2.7.4
      Content-Type:
      - application/json
  response:
    status:
      code: 200
      message: OK
    headers:
      date:
      - Fri, 03 Mar 2023 20:43:34 GMT
      content-type:
      - application/json; charset=utf-8
      content-length:
      - '28'
      connection:
      - keep-alive
      x-frame-options:
      - SAMEORIGIN
      x-xss-protection:
      - '0'
      x-content-type-options:
      - nosniff
      x-download-options:
      - noopen
      x-permitted-cross-domain-policies:
      - none
      referrer-policy:
      - strict-origin-when-cross-origin
      vary:
      - Accept
      etag:
      - W/"e156c1de751f0fc41f3ce5edefd256d2"
      cache-control:
      - max-age=0, private, must-revalidate
      x-request-id:
      - 67e787c258baa3d4ab5e5765304dc52a
      x-runtime:
      - '0.017853'
      strict-transport-security:
      - max-age=15724800; includeSubDomains
    body:
      encoding: UTF-8
      string: '{"success":true,"errors":[]}'
  recorded_at: Mon, 05 Sep 2022 09:00:00 GMT
- request:
    method: post
    uri: https://check-financial-eligibility-partner-staging.cloud-platform.service.justice.gov.uk/assessments/ef654ab4-4780-4787-942b-d8aade5c5574/vehicles
    body:
      encoding: UTF-8
      string: '{"vehicles":[{"value":"18000.0","loan_amount_outstanding":"500.0","date_of_purchase":"2020-09-05","in_regular_use":true,"subject_matter_of_dispute":false}]}'
    headers:
      Accept:
      - application/json;version=5
      User-Agent:
      - Faraday v2.7.4
      Content-Type:
      - application/json
  response:
    status:
      code: 200
      message: OK
    headers:
      date:
      - Fri, 03 Mar 2023 20:43:34 GMT
      content-type:
      - application/json; charset=utf-8
      content-length:
      - '28'
      connection:
      - keep-alive
      x-frame-options:
      - SAMEORIGIN
      x-xss-protection:
      - '0'
      x-content-type-options:
      - nosniff
      x-download-options:
      - noopen
      x-permitted-cross-domain-policies:
      - none
      referrer-policy:
      - strict-origin-when-cross-origin
      vary:
      - Accept
      etag:
      - W/"e156c1de751f0fc41f3ce5edefd256d2"
      cache-control:
      - max-age=0, private, must-revalidate
      x-request-id:
      - 0b70b85270844be23e1a0ef24d67601c
      x-runtime:
      - '0.031766'
      strict-transport-security:
      - max-age=15724800; includeSubDomains
    body:
      encoding: UTF-8
      string: '{"success":true,"errors":[]}'
  recorded_at: Mon, 05 Sep 2022 09:00:00 GMT
- request:
    method: post
    uri: https://check-financial-eligibility-partner-staging.cloud-platform.service.justice.gov.uk/assessments/ef654ab4-4780-4787-942b-d8aade5c5574/applicant
    body:
      encoding: UTF-8
      string: '{"applicant":{"date_of_birth":"1972-09-05","has_partner_opponent":false,"receives_qualifying_benefit":true,"employed":false}}'
    headers:
      Accept:
      - application/json;version=5
      User-Agent:
      - Faraday v2.7.4
      Content-Type:
      - application/json
  response:
    status:
      code: 200
      message: OK
    headers:
      date:
      - Fri, 03 Mar 2023 20:43:34 GMT
      content-type:
      - application/json; charset=utf-8
      content-length:
      - '28'
      connection:
      - keep-alive
      x-frame-options:
      - SAMEORIGIN
      x-xss-protection:
      - '0'
      x-content-type-options:
      - nosniff
      x-download-options:
      - noopen
      x-permitted-cross-domain-policies:
      - none
      referrer-policy:
      - strict-origin-when-cross-origin
      vary:
      - Accept
      etag:
      - W/"e156c1de751f0fc41f3ce5edefd256d2"
      cache-control:
      - max-age=0, private, must-revalidate
      x-request-id:
      - 58543d6d897dd437ccdb95b8fff44079
      x-runtime:
      - '0.028385'
      strict-transport-security:
      - max-age=15724800; includeSubDomains
    body:
      encoding: UTF-8
      string: '{"success":true,"errors":[]}'
  recorded_at: Mon, 05 Sep 2022 09:00:00 GMT
- request:
    method: get
    uri: https://check-financial-eligibility-partner-staging.cloud-platform.service.justice.gov.uk/assessments/ef654ab4-4780-4787-942b-d8aade5c5574
    body:
      encoding: US-ASCII
      string: ''
    headers:
      Accept:
      - application/json;version=5
      User-Agent:
      - Faraday v2.7.4
  response:
    status:
      code: 200
      message: OK
    headers:
      date:
      - Fri, 03 Mar 2023 20:43:35 GMT
      content-type:
      - application/json; charset=utf-8
      content-length:
      - '3349'
      connection:
      - keep-alive
      x-frame-options:
      - SAMEORIGIN
      x-xss-protection:
      - '0'
      x-content-type-options:
      - nosniff
      x-download-options:
      - noopen
      x-permitted-cross-domain-policies:
      - none
      referrer-policy:
      - strict-origin-when-cross-origin
      vary:
      - Accept
      etag:
      - W/"a239e4c5c03577f58e841e67de7cfedf"
      cache-control:
      - max-age=0, private, must-revalidate
      x-request-id:
      - 8c9a93eee1e89c5841fec4222ecf4982
      x-runtime:
      - '0.363327'
      strict-transport-security:
      - max-age=15724800; includeSubDomains
    body:
      encoding: UTF-8
      string: '{"version":"5","timestamp":"2023-03-03T20:43:35.220Z","success":true,"result_summary":{"overall_result":{"result":"eligible","capital_contribution":0.0,"income_contribution":0.0,"proceeding_types":[{"ccms_code":"SE003","client_involvement_type":"A","upper_threshold":0.0,"lower_threshold":0.0,"result":"eligible"}]},"gross_income":{"total_gross_income":0.0,"proceeding_types":[{"ccms_code":"SE003","client_involvement_type":"A","upper_threshold":2657.0,"lower_threshold":0.0,"result":"pending"}],"combined_total_gross_income":0.0},"disposable_income":{"dependant_allowance":0.0,"gross_housing_costs":0.0,"housing_benefit":0.0,"net_housing_costs":0.0,"maintenance_allowance":0.0,"total_outgoings_and_allowances":0.0,"total_disposable_income":0.0,"employment_income":{"gross_income":0.0,"benefits_in_kind":0.0,"tax":0.0,"national_insurance":0.0,"fixed_employment_deduction":0.0,"net_employment_income":0.0},"income_contribution":0.0,"proceeding_types":[{"ccms_code":"SE003","client_involvement_type":"A","upper_threshold":733.0,"lower_threshold":315.0,"result":"pending"}],"combined_total_disposable_income":0.0,"combined_total_outgoings_and_allowances":0.0,"partner_allowance":0},"capital":{"total_liquid":0.0,"total_non_liquid":0.0,"total_vehicle":2500.0,"total_property":0.0,"total_mortgage_allowance":999999999999.0,"total_capital":2500.0,"pensioner_capital_disregard":0.0,"subject_matter_of_dispute_disregard":0.0,"capital_contribution":0.0,"assessed_capital":2500.0,"proceeding_types":[{"ccms_code":"SE003","client_involvement_type":"A","upper_threshold":8000.0,"lower_threshold":3000.0,"result":"eligible"}],"pensioner_disregard_applied":0.0,"combined_assessed_capital":2500.0,"combined_capital_contribution":0.0}},"assessment":{"id":"ef654ab4-4780-4787-942b-d8aade5c5574","client_reference_id":null,"submission_date":"2022-09-05","applicant":{"date_of_birth":"1972-09-05","involvement_type":null,"employed":false,"has_partner_opponent":false,"receives_qualifying_benefit":true,"self_employed":false},"gross_income":{"employment_income":[],"irregular_income":{"monthly_equivalents":{"student_loan":0.0,"unspecified_source":0.0}},"state_benefits":{"monthly_equivalents":{"all_sources":0.0,"cash_transactions":0,"bank_transactions":[]}},"other_income":{"monthly_equivalents":{"all_sources":{"friends_or_family":0,"maintenance_in":0,"property_or_lodger":0,"pension":0},"bank_transactions":{"friends_or_family":0,"maintenance_in":0,"property_or_lodger":0,"pension":0},"cash_transactions":{"friends_or_family":0,"maintenance_in":0,"property_or_lodger":0,"pension":0}}}},"disposable_income":{"monthly_equivalents":{"all_sources":{"child_care":0.0,"rent_or_mortgage":0.0,"maintenance_out":0.0,"legal_aid":0.0},"bank_transactions":{"child_care":0.0,"rent_or_mortgage":0.0,"maintenance_out":0.0,"legal_aid":0.0},"cash_transactions":{"child_care":0.0,"rent_or_mortgage":0.0,"maintenance_out":0.0,"legal_aid":0.0}},"childcare_allowance":0.0,"deductions":{"dependants_allowance":0.0,"disregarded_state_benefits":0.0}},"capital":{"capital_items":{"liquid":[],"non_liquid":[],"vehicles":[{"value":18000.0,"loan_amount_outstanding":500.0,"date_of_purchase":"2020-09-05","in_regular_use":true,"included_in_assessment":true,"disregards_and_deductions":15000.0,"assessed_value":2500.0}],"properties":{"main_home":null,"additional_properties":[]}}},"remarks":{}}}'
  recorded_at: Mon, 05 Sep 2022 09:00:00 GMT
recorded_with: VCR 6.1.0
